[
  {
    "team_id": "a1de8fe6-26c8-42d7-b494-dea48e409091",
    "total_score": 150,
    "update_submit_at": "2025-02-03T09:10:00+09:00"
  }
]