{
  "marking_result_id": "358ebef7-c626-44fa-9a3d-da2d9083fe5e",
  "marked_score": 70,
  "penalty": 0
}