{
  "marking_result_id": "862b646a-5fdd-4a77-bb2d-7ef5d4f1d069",
  "marked_score": 80,
  "penalty": 0
}