[
  {
    "id": "7cedf13e-5325-425e-a5d6-fea5fc127e49",
    "number": 1,
    "team": {
      "id": "a1de8fe6-26c8-42d7-b494-dea48e409091",
      "code": 1,
      "name": "トラブルシューターズ",
      "organization": "ICTSC Association",
      "max_members": 6
    },
    "problem": {
      "id": "16643c32-c686-44ba-996b-2fbe43b54513",
      "code": "ZZA",
      "problem_type": "Descriptive",
      "title": "問題A",
      "max_score": 100,
      "category": "Network",
      "redeploy_rule": "Unredeployable"
    },
    "author": {
      "id": "3a4ca027-5e02-4ade-8e2d-eddb39adc235",
      "name": "alice"
    },
    "created_at": "2025-02-03T09:00:00+09:00",
    "interval": 1200000000000,
    "score": {
      "marked_score": 80,
      "penalty": 0
    }
  },
  {
    "id": "4bb7a232-e0de-4b6d-b1a3-8e50737d73b2",
    "number": 2,
    "team": {
      "id": "a1de8fe6-26c8-42d7-b494-dea48e409091",
      "code": 1,
      "name": "トラブルシューターズ",
      "organization": "ICTSC Association",
      "max_members": 6
    },
    "problem": {
      "id": "16643c32-c686-44ba-996b-2fbe43b54513",
      "code": "ZZA",
      "problem_type": "Descriptive",
      "title": "問題A",
      "max_score": 100,
      "category": "Network",
      "redeploy_rule": "Unredeployable"
    },
    "author": {
      "id": "3a4ca027-5e02-4ade-8e2d-eddb39adc235",
      "name": "alice"
    },
    "created_at": "2025-02-03T09:30:00+09:00",
    "interval": 1200000000000
  }
]