{
  "id": "3a4ca027-5e02-4ade-8e2d-eddb39adc235",
  "name": "alice"
}