[
  {
    "id": "3a4ca027-5e02-4ade-8e2d-eddb39adc235",
    "name": "alice"
  },
  {
    "id": "c4530ce6-d990-4414-8389-feca26883115",
    "name": "bob"
  }
]