[
  {
    "id": "16643c32-c686-44ba-996b-2fbe43b54513",
    "code": "ZZA",
    "problem_type": "Descriptive",
    "title": "問題A",
    "max_score": 100,
    "category": "Network",
    "redeploy_rule": "Unredeployable"
  },
  {
    "id": "24f6aef0-5dcd-4032-825b-d1b19174a6f2",
    "code": "ZZB",
    "problem_type": "Descriptive",
    "title": "問題B",
    "max_score": 200,
    "category": "Server",
    "redeploy_rule": "PercentagePenalty",
    "percentage_penalty": {
      "Threshold": 2,
      "Percentage": 10
    }
  }
]