[
  {
    "id": "427e945c-5bf0-46aa-9965-3b0fc9e6b869",
    "team_code": 2,
    "problem_code": "ZZB",
    "revision": 1,
    "events": [
      {
        "status": "Queued",
        "occurred_at": "2025-02-03T09:10:00+09:00"
      },
      {
        "status": "Creating",
        "occurred_at": "2025-02-03T09:11:00+09:00"
      }
    ]
  },
  {
    "id": "27fe747d-12c3-4dca-9b51-d3d13e8d815a",
    "team_code": 1,
    "problem_code": "ZZB",
    "revision": 1,
    "events": [
      {
        "status": "Queued",
        "occurred_at": "2025-02-03T09:00:00+09:00"
      },
      {
        "status": "Creating",
        "occurred_at": "2025-02-03T09:01:00+09:00"
      },
      {
        "status": "Completed",
        "occurred_at": "2025-02-03T09:06:00+09:00"
      }
    ]
  }
]