[
  {
    "id": "862b646a-5fdd-4a77-bb2d-7ef5d4f1d069",
    "judge": "judge",
    "answer": {
      "id": "7cedf13e-5325-425e-a5d6-fea5fc127e49",
      "number": 1,
      "team": {
        "id": "a1de8fe6-26c8-42d7-b494-dea48e409091",
        "code": 1,
        "name": "トラブルシューターズ",
        "organization": "ICTSC Association",
        "max_members": 6
      },
      "problem": {
        "id": "16643c32-c686-44ba-996b-2fbe43b54513",
        "code": "ZZA",
        "problem_type": "Descriptive",
        "title": "問題A",
        "max_score": 100,
        "category": "Network",
        "redeploy_rule": "Unredeployable"
      },
      "author": {
        "id": "3a4ca027-5e02-4ade-8e2d-eddb39adc235",
        "name": "alice"
      },
      "created_at": "2025-02-03T09:00:00+09:00",
      "interval": 1200000000000
    },
    "score": {
      "marked_score": 80,
      "penalty": 0
    },
    "rationale": {
      "descriptive_comment": "comment"
    },
    "created_at": "2025-02-03T10:00:00+09:00"
  },
  {
    "id": "87cb974d-dedd-4039-a189-b34f3a57e62c",
    "judge": "judge",
    "answer": {
      "id": "abbe9c4e-eef5-40ac-a04e-6d8877b15185",
      "number": 1,
      "team": {
        "id": "a1de8fe6-26c8-42d7-b494-dea48e409091",
        "code": 1,
        "name": "トラブルシューターズ",
        "organization": "ICTSC Association",
        "max_members": 6
      },
      "problem": {
        "id": "24f6aef0-5dcd-4032-825b-d1b19174a6f2",
        "code": "ZZB",
        "problem_type": "Descriptive",
        "title": "問題B",
        "max_score": 200,
        "category": "Server",
        "redeploy_rule": "PercentagePenalty",
        "percentage_penalty": {
          "threshold": 1,
          "percentage": 10
        }
      },
      "author": {
        "id": "3a4ca027-5e02-4ade-8e2d-eddb39adc235",
        "name": "alice"
      },
      "created_at": "2025-02-03T09:10:00+09:00",
      "interval": 1200000000000
    },
    "score": {
      "marked_score": 80,
      "penalty": 0
    },
    "rationale": {
      "descriptive_comment": "comment3"
    },
    "created_at": "2025-02-03T10:20:00+09:00"
  },
  {
    "id": "358ebef7-c626-44fa-9a3d-da2d9083fe5e",
    "judge": "judge",
    "answer": {
      "id": "7cedf13e-5325-425e-a5d6-fea5fc127e49",
      "number": 1,
      "team": {
        "id": "a1de8fe6-26c8-42d7-b494-dea48e409091",
        "code": 1,
        "name": "トラブルシューターズ",
        "organization": "ICTSC Association",
        "max_members": 6
      },
      "problem": {
        "id": "16643c32-c686-44ba-996b-2fbe43b54513",
        "code": "ZZA",
        "problem_type": "Descriptive",
        "title": "問題A",
        "max_score": 100,
        "category": "Network",
        "redeploy_rule": "Unredeployable"
      },
      "author": {
        "id": "3a4ca027-5e02-4ade-8e2d-eddb39adc235",
        "name": "alice"
      },
      "created_at": "2025-02-03T09:00:00+09:00",
      "interval": 1200000000000
    },
    "score": {
      "marked_score": 70,
      "penalty": 0
    },
    "rationale": {
      "descriptive_comment": "comment2"
    },
    "created_at": "2025-02-03T10:30:00+09:00"
  }
]