[
  {
    "slug": "future-notice",
    "title": "Future Notice",
    "effective_from": "2035-03-03T09:00:00+09:00",
    "markdown": "未来のお知らせです"
  },
  {
    "slug": "current-notice",
    "title": "Current Notice",
    "effective_from": "2025-02-03T09:00:00+09:00",
    "markdown": "現在のお知らせです"
  },
  {
    "slug": "current-notice2",
    "title": "Current Notice2",
    "effective_from": "2025-02-03T09:00:00+09:00",
    "markdown": "現在のお知らせ2です"
  }
]