[
  {
    "team_id": "a1de8fe6-26c8-42d7-b494-dea48e409091",
    "problem_id": "16643c32-c686-44ba-996b-2fbe43b54513",
    "score": {
      "marking_result_id": "358ebef7-c626-44fa-9a3d-da2d9083fe5e",
      "marked_score": 70,
      "penalty": 0
    }
  },
  {
    "team_id": "a1de8fe6-26c8-42d7-b494-dea48e409091",
    "problem_id": "24f6aef0-5dcd-4032-825b-d1b19174a6f2",
    "score": {
      "marking_result_id": "87cb974d-dedd-4039-a189-b34f3a57e62c",
      "marked_score": 80,
      "penalty": 0
    }
  }
]